Forty seeded native bridge repairs within sixty seconds: {
  seeds: 40,
  maxSecondsAfterBreak: 51.4,
  formerFailureSeeds: [
    {
      seed: 11,
      matchSeed: 1032213998,
      secondsAfterBreak: 49.9,
      nativeInputs: 28,
      acceptedRepairJobs: 4,
      rejectedRepairJobs: 0
    },
    {
      seed: 23,
      matchSeed: 1052188298,
      secondsAfterBreak: 39.45,
      nativeInputs: 25,
      acceptedRepairJobs: 3,
      rejectedRepairJobs: 0
    },
    {
      seed: 39,
      matchSeed: 1078820698,
      secondsAfterBreak: 50.6,
      nativeInputs: 27,
      acceptedRepairJobs: 4,
      rejectedRepairJobs: 0
    }
  ]
}
Watched repair cue boundaries and unseen full-span inspection passed.
