{"treatment":"base","level":"easy","seed":8,"status":"exact-prefix-PASS","throughTick":806}
{"treatment":"base","level":"normal","seed":3,"status":"exact-prefix-PASS","throughTick":744}
{"treatment":"base","level":"normal","seed":17,"status":"exact-prefix-PASS","throughTick":746}
{"treatment":"base","level":"hard","seed":15,"status":"exact-prefix-PASS","throughTick":548}
{"treatment":"base","level":"hard","seed":19,"status":"exact-prefix-PASS","throughTick":762}
{"treatment":"candidate","level":"easy","seed":3,"status":"exact-prefix-PASS","throughTick":283}
{"treatment":"candidate","level":"easy","seed":4,"status":"exact-prefix-PASS","throughTick":251}
{"treatment":"candidate","level":"easy","seed":8,"status":"exact-prefix-PASS","throughTick":806}
{"treatment":"candidate","level":"easy","seed":10,"status":"exact-prefix-PASS","throughTick":199}
{"treatment":"candidate","level":"easy","seed":11,"status":"exact-prefix-PASS","throughTick":289}
{"treatment":"candidate","level":"easy","seed":12,"status":"exact-prefix-PASS","throughTick":339}
{"treatment":"candidate","level":"easy","seed":16,"status":"exact-prefix-PASS","throughTick":255}
{"treatment":"candidate","level":"easy","seed":17,"status":"exact-prefix-PASS","throughTick":267}
{"treatment":"candidate","level":"easy","seed":20,"status":"exact-prefix-PASS","throughTick":313}
{"treatment":"candidate","level":"normal","seed":3,"status":"exact-prefix-PASS","throughTick":190}
{"treatment":"candidate","level":"normal","seed":7,"status":"exact-prefix-PASS","throughTick":180}
{"treatment":"candidate","level":"normal","seed":9,"status":"exact-prefix-PASS","throughTick":311}
{"treatment":"candidate","level":"normal","seed":10,"status":"exact-prefix-PASS","throughTick":182}
{"treatment":"candidate","level":"normal","seed":11,"status":"exact-prefix-PASS","throughTick":300}
{"treatment":"candidate","level":"normal","seed":12,"status":"exact-prefix-PASS","throughTick":280}
{"treatment":"candidate","level":"normal","seed":13,"status":"exact-prefix-PASS","throughTick":326}
{"treatment":"candidate","level":"normal","seed":16,"status":"exact-prefix-PASS","throughTick":170}
{"treatment":"candidate","level":"normal","seed":17,"status":"exact-prefix-PASS","throughTick":274}
{"treatment":"candidate","level":"hard","seed":2,"status":"exact-prefix-PASS","throughTick":271}
{"treatment":"candidate","level":"hard","seed":4,"status":"exact-prefix-PASS","throughTick":164}
{"treatment":"candidate","level":"hard","seed":7,"status":"exact-prefix-PASS","throughTick":792}
{"treatment":"candidate","level":"hard","seed":9,"status":"exact-prefix-PASS","throughTick":299}
{"treatment":"candidate","level":"hard","seed":10,"status":"exact-prefix-PASS","throughTick":164}
{"treatment":"candidate","level":"hard","seed":12,"status":"exact-prefix-PASS","throughTick":287}
{"treatment":"candidate","level":"hard","seed":14,"status":"exact-prefix-PASS","throughTick":172}
{"treatment":"candidate","level":"hard","seed":15,"status":"exact-prefix-PASS","throughTick":548}
{"treatment":"candidate","level":"hard","seed":16,"status":"exact-prefix-PASS","throughTick":166}
{"treatment":"candidate","level":"hard","seed":17,"status":"exact-prefix-PASS","throughTick":270}
{"treatment":"candidate","level":"hard","seed":19,"status":"exact-prefix-PASS","throughTick":762}
{"treatment":"candidate","level":"hard","seed":20,"status":"exact-prefix-PASS","throughTick":203}
{"status":"PASS","counts":{"base":{"other":1,"stale-observation-after-accepted-deduction":4},"candidate":{"stale-observation-after-accepted-deduction":38,"other":2}},"cases":45,"matches":35}
