conquest/easy seed 2: 1/60 complete raw verified
conquest/easy seed 1: 2/60 complete raw verified
conquest/easy seed 4: 3/60 complete raw verified
conquest/easy seed 3: 4/60 complete raw verified
conquest/easy seed 6: 5/60 complete raw verified
conquest/easy seed 5: 6/60 complete raw verified
conquest/easy seed 8: 7/60 complete raw verified
conquest/easy seed 7: 8/60 complete raw verified
conquest/easy seed 10: 9/60 complete raw verified
conquest/easy seed 9: 10/60 complete raw verified
conquest/easy seed 12: 11/60 complete raw verified
conquest/easy seed 11: 12/60 complete raw verified
conquest/easy seed 14: 13/60 complete raw verified
conquest/easy seed 13: 14/60 complete raw verified
conquest/easy seed 16: 15/60 complete raw verified
conquest/easy seed 15: 16/60 complete raw verified
conquest/easy seed 18: 17/60 complete raw verified
conquest/easy seed 17: 18/60 complete raw verified
conquest/easy seed 20: 19/60 complete raw verified
conquest/easy seed 19: 20/60 complete raw verified
conquest/normal seed 2: 21/60 complete raw verified
conquest/normal seed 1: 22/60 complete raw verified
conquest/normal seed 4: 23/60 complete raw verified
conquest/normal seed 3: 24/60 complete raw verified
conquest/normal seed 6: 25/60 complete raw verified
conquest/normal seed 5: 26/60 complete raw verified
conquest/normal seed 8: 27/60 complete raw verified
conquest/normal seed 7: 28/60 complete raw verified
conquest/normal seed 9: 29/60 complete raw verified
conquest/normal seed 10: 30/60 complete raw verified
conquest/normal seed 11: 31/60 complete raw verified
conquest/normal seed 12: 32/60 complete raw verified
conquest/normal seed 13: 33/60 complete raw verified
conquest/normal seed 14: 34/60 complete raw verified
conquest/normal seed 15: 35/60 complete raw verified
conquest/normal seed 16: 36/60 complete raw verified
conquest/normal seed 17: 37/60 complete raw verified
conquest/normal seed 18: 38/60 complete raw verified
conquest/normal seed 19: 39/60 complete raw verified
conquest/normal seed 20: 40/60 complete raw verified
conquest/hard seed 1: 41/60 complete raw verified
conquest/hard seed 2: 42/60 complete raw verified
conquest/hard seed 3: 43/60 complete raw verified
conquest/hard seed 4: 44/60 complete raw verified
conquest/hard seed 5: 45/60 complete raw verified
conquest/hard seed 6: 46/60 complete raw verified
conquest/hard seed 7: 47/60 complete raw verified
conquest/hard seed 8: 48/60 complete raw verified
conquest/hard seed 9: 49/60 complete raw verified
conquest/hard seed 10: 50/60 complete raw verified
conquest/hard seed 11: 51/60 complete raw verified
conquest/hard seed 12: 52/60 complete raw verified
conquest/hard seed 13: 53/60 complete raw verified
conquest/hard seed 14: 54/60 complete raw verified
conquest/hard seed 15: 55/60 complete raw verified
conquest/hard seed 16: 56/60 complete raw verified
conquest/hard seed 17: 57/60 complete raw verified
conquest/hard seed 18: 58/60 complete raw verified
conquest/hard seed 19: 59/60 complete raw verified
conquest/hard seed 20: 60/60 complete raw verified
classic/easy seed 2: 1/30 complete raw verified
classic/easy seed 1: 2/30 complete raw verified
classic/easy seed 4: 3/30 complete raw verified
classic/easy seed 3: 4/30 complete raw verified
classic/easy seed 6: 5/30 complete raw verified
classic/easy seed 5: 6/30 complete raw verified
classic/easy seed 8: 7/30 complete raw verified
classic/easy seed 7: 8/30 complete raw verified
classic/easy seed 10: 9/30 complete raw verified
classic/easy seed 9: 10/30 complete raw verified
classic/normal seed 2: 11/30 complete raw verified
classic/normal seed 1: 12/30 complete raw verified
classic/normal seed 3: 13/30 complete raw verified
classic/normal seed 4: 14/30 complete raw verified
classic/normal seed 5: 15/30 complete raw verified
classic/normal seed 6: 16/30 complete raw verified
classic/normal seed 7: 17/30 complete raw verified
classic/normal seed 8: 18/30 complete raw verified
classic/normal seed 9: 19/30 complete raw verified
classic/normal seed 10: 20/30 complete raw verified
classic/hard seed 1: 21/30 complete raw verified
classic/hard seed 2: 22/30 complete raw verified
classic/hard seed 3: 23/30 complete raw verified
classic/hard seed 4: 24/30 complete raw verified
classic/hard seed 5: 25/30 complete raw verified
classic/hard seed 6: 26/30 complete raw verified
classic/hard seed 7: 27/30 complete raw verified
classic/hard seed 8: 28/30 complete raw verified
classic/hard seed 9: 29/30 complete raw verified
classic/hard seed 10: 30/30 complete raw verified
world/easy seed 2: 1/30 complete raw verified
world/easy seed 1: 2/30 complete raw verified
world/easy seed 3: 3/30 complete raw verified
world/easy seed 4: 4/30 complete raw verified
world/easy seed 5: 5/30 complete raw verified
world/easy seed 6: 6/30 complete raw verified
world/easy seed 7: 7/30 complete raw verified
world/easy seed 8: 8/30 complete raw verified
world/easy seed 9: 9/30 complete raw verified
world/easy seed 10: 10/30 complete raw verified
world/normal seed 1: 11/30 complete raw verified
world/normal seed 2: 12/30 complete raw verified
world/normal seed 3: 13/30 complete raw verified
world/normal seed 4: 14/30 complete raw verified
world/normal seed 5: 15/30 complete raw verified
world/normal seed 6: 16/30 complete raw verified
world/normal seed 7: 17/30 complete raw verified
world/normal seed 8: 18/30 complete raw verified
world/normal seed 9: 19/30 complete raw verified
world/normal seed 10: 20/30 complete raw verified
world/hard seed 1: 21/30 complete raw verified
world/hard seed 2: 22/30 complete raw verified
world/hard seed 3: 23/30 complete raw verified
world/hard seed 4: 24/30 complete raw verified
world/hard seed 5: 25/30 complete raw verified
world/hard seed 6: 26/30 complete raw verified
world/hard seed 7: 27/30 complete raw verified
world/hard seed 8: 28/30 complete raw verified
world/hard seed 9: 29/30 complete raw verified
world/hard seed 10: 30/30 complete raw verified
