[
  {
    "tick": 2281,
    "slot": 2,
    "command": {
      "t": "move",
      "orders": [
        [
          16,
          119.72605263735505,
          63.323926875111816
        ]
      ],
      "together": true
    },
    "planned": {
      "t": "move",
      "orders": [
        [
          16,
          119,
          61
        ]
      ]
    },
    "actor16": {
      "x": 115.58888915471255,
      "z": 63.66531318953219,
      "path": 0
    },
    "history16": {
      "tick": 1648,
      "x": 115.58888915471255,
      "z": 63.66531318953219,
      "t": "amove",
      "previous": []
    },
    "accepted": true
  },
  {
    "tick": 2301,
    "slot": 2,
    "command": {
      "t": "move",
      "orders": [
        [
          16,
          119.64182330626662,
          63.162729278277205
        ]
      ],
      "together": true
    },
    "planned": {
      "t": "move",
      "orders": [
        [
          16,
          119,
          61
        ]
      ]
    },
    "actor16": {
      "x": 119,
      "z": 65,
      "path": 0
    },
    "history16": {
      "tick": 2281,
      "x": 119.72605263735505,
      "z": 63.323926875111816,
      "t": "move",
      "previous": []
    },
    "accepted": true
  },
  {
    "tick": 2305,
    "slot": 2,
    "command": {
      "t": "move",
      "orders": [
        [
          16,
          119.6395131476596,
          63.169408842086796
        ]
      ],
      "together": true
    },
    "planned": {
      "t": "move",
      "orders": [
        [
          16,
          119,
          61
        ]
      ]
    },
    "actor16": {
      "x": 119,
      "z": 65,
      "path": 0
    },
    "history16": {
      "tick": 2301,
      "x": 119.64182330626662,
      "z": 63.162729278277205,
      "t": "move",
      "previous": [
        {
          "tick": 2281,
          "x": 119.72605263735505,
          "z": 63.323926875111816
        }
      ]
    },
    "accepted": true
  },
  {
    "tick": 2310,
    "slot": 2,
    "command": {
      "t": "move",
      "orders": [
        [
          16,
          119.55816363939147,
          63.056019119477625
        ]
      ],
      "together": true
    },
    "planned": {
      "t": "move",
      "orders": [
        [
          16,
          119,
          61
        ]
      ]
    },
    "actor16": {
      "x": 119,
      "z": 65,
      "path": 0
    },
    "history16": {
      "tick": 2305,
      "x": 119.6395131476596,
      "z": 63.169408842086796,
      "t": "move",
      "previous": [
        {
          "tick": 2281,
          "x": 119.72605263735505,
          "z": 63.323926875111816
        },
        {
          "tick": 2301,
          "x": 119.64182330626662,
          "z": 63.162729278277205
        }
      ]
    },
    "accepted": true
  },
  {
    "tick": 2339,
    "slot": 2,
    "command": {
      "t": "move",
      "orders": [
        [
          16,
          119.65446806552187,
          63.0981327403759
        ]
      ],
      "together": true
    },
    "planned": {
      "t": "move",
      "orders": [
        [
          16,
          119,
          61
        ]
      ]
    },
    "actor16": {
      "x": 119,
      "z": 65,
      "path": 0
    },
    "history16": {
      "tick": 2310,
      "x": 119.55816363939147,
      "z": 63.056019119477625,
      "t": "move",
      "previous": [
        {
          "tick": 2281,
          "x": 119.72605263735505,
          "z": 63.323926875111816
        },
        {
          "tick": 2301,
          "x": 119.64182330626662,
          "z": 63.162729278277205
        },
        {
          "tick": 2305,
          "x": 119.6395131476596,
          "z": 63.169408842086796
        }
      ]
    },
    "accepted": true
  },
  {
    "tick": 2343,
    "slot": 2,
    "command": {
      "t": "move",
      "orders": [
        [
          16,
          119.60155787322766,
          63.117770810651805
        ]
      ],
      "together": true
    },
    "planned": {
      "t": "move",
      "orders": [
        [
          16,
          119,
          61
        ]
      ]
    },
    "actor16": {
      "x": 119,
      "z": 65,
      "path": 0
    },
    "history16": {
      "tick": 2339,
      "x": 119.65446806552187,
      "z": 63.0981327403759,
      "t": "move",
      "previous": [
        {
          "tick": 2281,
          "x": 119.72605263735505,
          "z": 63.323926875111816
        },
        {
          "tick": 2301,
          "x": 119.64182330626662,
          "z": 63.162729278277205
        },
        {
          "tick": 2305,
          "x": 119.6395131476596,
          "z": 63.169408842086796
        },
        {
          "tick": 2310,
          "x": 119.55816363939147,
          "z": 63.056019119477625
        }
      ]
    },
    "accepted": true
  },
  {
    "tick": 2347,
    "slot": 2,
    "command": {
      "t": "move",
      "orders": [
        [
          16,
          119.69289580454442,
          63.181659740600516
        ]
      ],
      "together": true
    },
    "planned": {
      "t": "move",
      "orders": [
        [
          16,
          119,
          61
        ]
      ]
    },
    "actor16": {
      "x": 119,
      "z": 65,
      "path": 0
    },
    "history16": {
      "tick": 2343,
      "x": 119.60155787322766,
      "z": 63.117770810651805,
      "t": "move",
      "previous": [
        {
          "tick": 2281,
          "x": 119.72605263735505,
          "z": 63.323926875111816
        },
        {
          "tick": 2301,
          "x": 119.64182330626662,
          "z": 63.162729278277205
        },
        {
          "tick": 2305,
          "x": 119.6395131476596,
          "z": 63.169408842086796
        },
        {
          "tick": 2310,
          "x": 119.55816363939147,
          "z": 63.056019119477625
        },
        {
          "tick": 2339,
          "x": 119.65446806552187,
          "z": 63.0981327403759
        }
      ]
    },
    "accepted": true
  },
  {
    "tick": 2351,
    "slot": 2,
    "command": {
      "t": "move",
      "orders": [
        [
          16,
          119.59588912665807,
          63.19236032080373
        ]
      ],
      "together": true
    },
    "planned": {
      "t": "move",
      "orders": [
        [
          16,
          119,
          61
        ]
      ]
    },
    "actor16": {
      "x": 119,
      "z": 65,
      "path": 0
    },
    "history16": {
      "tick": 2347,
      "x": 119.69289580454442,
      "z": 63.181659740600516,
      "t": "move",
      "previous": [
        {
          "tick": 2281,
          "x": 119.72605263735505,
          "z": 63.323926875111816
        },
        {
          "tick": 2301,
          "x": 119.64182330626662,
          "z": 63.162729278277205
        },
        {
          "tick": 2305,
          "x": 119.6395131476596,
          "z": 63.169408842086796
        },
        {
          "tick": 2310,
          "x": 119.55816363939147,
          "z": 63.056019119477625
        },
        {
          "tick": 2339,
          "x": 119.65446806552187,
          "z": 63.0981327403759
        },
        {
          "tick": 2343,
          "x": 119.60155787322766,
          "z": 63.117770810651805
        }
      ]
    },
    "accepted": true
  },
  {
    "tick": 2356,
    "slot": 2,
    "command": {
      "t": "move",
      "orders": [
        [
          16,
          119.48624726243564,
          63.12528745506887
        ]
      ],
      "together": true
    },
    "planned": {
      "t": "move",
      "orders": [
        [
          16,
          119,
          61
        ]
      ]
    },
    "actor16": {
      "x": 119,
      "z": 65,
      "path": 0
    },
    "history16": {
      "tick": 2351,
      "x": 119.59588912665807,
      "z": 63.19236032080373,
      "t": "move",
      "previous": [
        {
          "tick": 2281,
          "x": 119.72605263735505,
          "z": 63.323926875111816
        },
        {
          "tick": 2301,
          "x": 119.64182330626662,
          "z": 63.162729278277205
        },
        {
          "tick": 2305,
          "x": 119.6395131476596,
          "z": 63.169408842086796
        },
        {
          "tick": 2310,
          "x": 119.55816363939147,
          "z": 63.056019119477625
        },
        {
          "tick": 2339,
          "x": 119.65446806552187,
          "z": 63.0981327403759
        },
        {
          "tick": 2343,
          "x": 119.60155787322766,
          "z": 63.117770810651805
        },
        {
          "tick": 2347,
          "x": 119.69289580454442,
          "z": 63.181659740600516
        }
      ]
    },
    "accepted": true
  },
  {
    "tick": 2381,
    "slot": 2,
    "command": {
      "t": "move",
      "orders": [
        [
          16,
          119.60055388282217,
          63.10443271781918
        ]
      ],
      "together": true
    },
    "planned": {
      "t": "move",
      "orders": [
        [
          16,
          119,
          61
        ]
      ]
    },
    "actor16": {
      "x": 119,
      "z": 65,
      "path": 0
    },
    "history16": {
      "tick": 2356,
      "x": 119.48624726243564,
      "z": 63.12528745506887,
      "t": "move",
      "previous": [
        {
          "tick": 2281,
          "x": 119.72605263735505,
          "z": 63.323926875111816
        },
        {
          "tick": 2301,
          "x": 119.64182330626662,
          "z": 63.162729278277205
        },
        {
          "tick": 2305,
          "x": 119.6395131476596,
          "z": 63.169408842086796
        },
        {
          "tick": 2310,
          "x": 119.55816363939147,
          "z": 63.056019119477625
        },
        {
          "tick": 2339,
          "x": 119.65446806552187,
          "z": 63.0981327403759
        },
        {
          "tick": 2343,
          "x": 119.60155787322766,
          "z": 63.117770810651805
        },
        {
          "tick": 2347,
          "x": 119.69289580454442,
          "z": 63.181659740600516
        },
        {
          "tick": 2351,
          "x": 119.59588912665807,
          "z": 63.19236032080373
        }
      ]
    },
    "accepted": true
  }
]
