[
  {
    "tick": 2281,
    "slot": 2,
    "command": {
      "t": "move",
      "orders": [
        [
          16,
          119.72605263735505,
          63.323926875111816
        ]
      ],
      "together": true
    },
    "planned": {
      "t": "move",
      "orders": [
        [
          16,
          119,
          61
        ]
      ]
    },
    "actor16": {
      "x": 115.58888915471255,
      "z": 63.66531318953219,
      "path": 0
    },
    "history16": {
      "tick": 1648,
      "x": 115.58888915471255,
      "z": 63.66531318953219,
      "t": "amove",
      "intent": "{\"orders\":[[9,115,61],[15,115,61],[16,115,61]],\"queue\":false,\"t\":\"amove\"}",
      "previous": []
    },
    "accepted": true
  }
]
