PASS private tick0 oracle isolation: 36 actual-engine runs, nine mode/level pairs
	Command being timed: "node test-engine-ai-measurement-start.js"
	User time (seconds): 64.87
	System time (seconds): 6.22
	Percent of CPU this job got: 99%
	Elapsed (wall clock) time (h:mm:ss or m:ss): 1:11.11
	Average shared text size (kbytes): 0
	Average unshared data size (kbytes): 0
	Average stack size (kbytes): 0
	Average total size (kbytes): 0
	Maximum resident set size (kbytes): 2386260
	Average resident set size (kbytes): 0
	Major (requiring I/O) page faults: 0
	Minor (reclaiming a frame) page faults: 4818263
	Voluntary context switches: 28954
	Involuntary context switches: 27496
	Swaps: 0
	File system inputs: 0
	File system outputs: 7400
	Socket messages sent: 0
	Socket messages received: 0
	Signals delivered: 0
	Page size (bytes): 4096
	Exit status: 0
