node:internal/modules/run_main:107
    triggerUncaughtException(
    ^

AssertionError [ERR_ASSERTION]: Expected values to be strictly equal:
+ actual - expected

+ 'blocked'
- undefined

    at file:///tmp/r6-attended-danger/after/test-engine-ai-attended-danger.js:16:12
    at Array.forEach (<anonymous>)
    at fixture (file:///tmp/r6-attended-danger/after/test-engine-ai-attended-danger.js:13:9)
    at coverScene (file:///tmp/r6-attended-danger/after/test-engine-ai-attended-danger.js:92:10)
    at file:///tmp/r6-attended-danger/after/test-engine-ai-attended-danger.js:108:74
    at ModuleJob.run (node:internal/modules/esm/module_job:561:25)
    at async node:internal/modules/esm/loader:647:26
    at async asyncRunEntryPointWithESMLoader (node:internal/modules/run_main:101:5) {
  generatedMessage: true,
  code: 'ERR_ASSERTION',
  actual: 'blocked',
  expected: undefined,
  operator: 'strictEqual',
  diff: 'simple'
}

Node.js v24.21.0
