base/easy seed1: 1/60 retained
base/easy seed2: 2/60 retained
base/easy seed3: 3/60 retained
base/easy seed4: 4/60 retained
base/easy seed6: 5/60 retained
base/easy seed5: 6/60 retained
base/easy seed7: 7/60 retained
base/easy seed8: 8/60 retained
base/easy seed9: 9/60 retained
base/easy seed10: 10/60 retained
base/easy seed11: 11/60 retained
base/easy seed12: 12/60 retained
base/easy seed13: 13/60 retained
base/easy seed14: 14/60 retained
base/easy seed15: 15/60 retained
base/easy seed16: 16/60 retained
base/easy seed17: 17/60 retained
base/easy seed18: 18/60 retained
base/easy seed19: 19/60 retained
base/easy seed20: 20/60 retained
base/normal seed1: 21/60 retained
base/normal seed2: 22/60 retained
base/normal seed3: 23/60 retained
base/normal seed4: 24/60 retained
base/normal seed5: 25/60 retained
base/normal seed6: 26/60 retained
base/normal seed7: 27/60 retained
base/normal seed8: 28/60 retained
base/normal seed9: 29/60 retained
base/normal seed10: 30/60 retained
base/normal seed11: 31/60 retained
base/normal seed12: 32/60 retained
base/normal seed13: 33/60 retained
base/normal seed14: 34/60 retained
base/normal seed15: 35/60 retained
base/normal seed16: 36/60 retained
base/normal seed17: 37/60 retained
base/normal seed18: 38/60 retained
base/normal seed19: 39/60 retained
base/normal seed20: 40/60 retained
base/hard seed1: 41/60 retained
base/hard seed2: 42/60 retained
base/hard seed3: 43/60 retained
base/hard seed4: 44/60 retained
base/hard seed6: 45/60 retained
base/hard seed5: 46/60 retained
base/hard seed8: 47/60 retained
base/hard seed7: 48/60 retained
base/hard seed10: 49/60 retained
base/hard seed9: 50/60 retained
base/hard seed12: 51/60 retained
base/hard seed11: 52/60 retained
base/hard seed14: 53/60 retained
base/hard seed13: 54/60 retained
base/hard seed16: 55/60 retained
base/hard seed15: 56/60 retained
base/hard seed18: 57/60 retained
base/hard seed17: 58/60 retained
base/hard seed19: 59/60 retained
base/hard seed20: 60/60 retained
candidate/easy seed2: 1/60 retained
candidate/easy seed1: 2/60 retained
candidate/easy seed3: 3/60 retained
candidate/easy seed4: 4/60 retained
candidate/easy seed6: 5/60 retained
candidate/easy seed5: 6/60 retained
candidate/easy seed8: 7/60 retained
candidate/easy seed7: 8/60 retained
candidate/easy seed9: 9/60 retained
candidate/easy seed10: 10/60 retained
candidate/easy seed12: 11/60 retained
candidate/easy seed11: 12/60 retained
candidate/easy seed14: 13/60 retained
candidate/easy seed13: 14/60 retained
candidate/easy seed16: 15/60 retained
candidate/easy seed15: 16/60 retained
candidate/easy seed18: 17/60 retained
candidate/easy seed17: 18/60 retained
candidate/easy seed20: 19/60 retained
candidate/easy seed19: 20/60 retained
candidate/normal seed2: 21/60 retained
candidate/normal seed1: 22/60 retained
candidate/normal seed4: 23/60 retained
candidate/normal seed3: 24/60 retained
candidate/normal seed6: 25/60 retained
candidate/normal seed5: 26/60 retained
candidate/normal seed8: 27/60 retained
candidate/normal seed7: 28/60 retained
candidate/normal seed10: 29/60 retained
candidate/normal seed9: 30/60 retained
candidate/normal seed12: 31/60 retained
candidate/normal seed11: 32/60 retained
candidate/normal seed14: 33/60 retained
candidate/normal seed16: 34/60 retained
candidate/normal seed13: 35/60 retained
candidate/normal seed15: 36/60 retained
candidate/normal seed18: 37/60 retained
candidate/normal seed17: 38/60 retained
candidate/normal seed20: 39/60 retained
candidate/normal seed19: 40/60 retained
candidate/hard seed2: 41/60 retained
candidate/hard seed1: 42/60 retained
candidate/hard seed4: 43/60 retained
candidate/hard seed3: 44/60 retained
candidate/hard seed6: 45/60 retained
candidate/hard seed5: 46/60 retained
candidate/hard seed8: 47/60 retained
candidate/hard seed7: 48/60 retained
candidate/hard seed10: 49/60 retained
candidate/hard seed9: 50/60 retained
candidate/hard seed12: 51/60 retained
candidate/hard seed11: 52/60 retained
candidate/hard seed14: 53/60 retained
candidate/hard seed16: 54/60 retained
candidate/hard seed13: 55/60 retained
candidate/hard seed18: 56/60 retained
candidate/hard seed15: 57/60 retained
candidate/hard seed20: 58/60 retained
candidate/hard seed17: 59/60 retained
candidate/hard seed19: 60/60 retained
{"status":"complete","results":[{"label":"base","checkpoint":"929d88cdc61bc383ac1e1affdee096942c04100684ab1a94f79489bbedc7b22e","matches":60,"seats":180,"elapsedSeconds":91.620490785},{"label":"candidate","checkpoint":"4a8a9959543354ee5c8c04b1a9e06e58b3197cebb63b2cfbfd9e1288ab0122af","matches":60,"seats":180,"elapsedSeconds":86.549000512}]}
